\BOOKMARK [0][-]{chapter*.1}{\376\377\000L\036\335\000i\000\040\000c\036\243\000m\000\040\001\241\000n}{}% 1
\BOOKMARK [0][-]{chapter*.2}{\376\377\000L\036\335\000i\000\040\000c\000a\000m\000\040\001\021\000o\000a\000n}{}% 2
\BOOKMARK [0][-]{chapter*.3}{\376\377\000T\000\363\000m\000\040\000t\036\257\000t}{}% 3
\BOOKMARK [0][-]{chapter*.3}{\376\377\000D\000a\000n\000h\000\040\000s\000\341\000c\000h\000\040\000h\000\354\000n\000h\000\040\000v\036\275}{}% 4
\BOOKMARK [0][-]{chapter*.3}{\376\377\000D\000a\000n\000h\000\040\000s\000\341\000c\000h\000\040\000b\036\243\000n\000g}{}% 5
\BOOKMARK [0][-]{chapter*.4}{\376\377\000D\000a\000n\000h\000\040\000m\036\345\000c\000\040\000c\000\341\000c\000\040\000t\036\353\000\040\000v\000i\036\277\000t\000\040\000t\036\257\000t}{}% 6
\BOOKMARK [0][-]{chapter.1}{\376\377\001\020\036\267\000t\000\040\000v\036\245\000n\000\040\001\021\036\301}{}% 7
\BOOKMARK [1][-]{section.1.1}{\376\377\000M\000\364\000\040\000t\036\243\000\040\000b\000\340\000i\000\040\000t\000o\000\341\000n}{chapter.1}% 8
\BOOKMARK [1][-]{section.1.2}{\376\377\000M\036\345\000c\000\040\000t\000i\000\352\000u\000\040\000d\036\361\000\040\000\341\000n}{chapter.1}% 9
\BOOKMARK [2][-]{subsection.1.2.1}{\376\377\000M\036\345\000c\000\040\000t\000i\000\352\000u\000\040\000t\036\325\000n\000g\000\040\000t\000h\036\303}{section.1.2}% 10
\BOOKMARK [2][-]{subsection.1.2.2}{\376\377\000M\036\345\000c\000\040\000t\000i\000\352\000u\000\040\000c\036\345\000\040\000t\000h\036\303}{section.1.2}% 11
\BOOKMARK [2][-]{subsection.1.2.3}{\376\377\001\020\036\321\000i\000\040\000t\001\260\036\343\000n\000g\000\040\000n\000g\001\260\036\335\000i\000\040\000d\000\371\000n\000g}{section.1.2}% 12
\BOOKMARK [1][-]{section.1.3}{\376\377\000C\036\245\000u\000\040\000t\000r\000\372\000c\000\040\000b\000\341\000o\000\040\000c\000\341\000o}{chapter.1}% 13
\BOOKMARK [0][-]{chapter.2}{\376\377\000K\000i\036\277\000n\000\040\000t\000h\036\351\000c\000\040\000n\036\301\000n\000\040\000t\036\243\000n\000g}{}% 14
\BOOKMARK [1][-]{section.2.1}{\376\377\000T\036\325\000n\000g\000\040\000q\000u\000a\000n\000\040\000v\036\301\000\040\000k\000i\036\277\000n\000\040\000t\000r\000\372\000c\000\040\000h\036\307\000\040\000t\000h\036\321\000n\000g}{chapter.2}% 15
\BOOKMARK [1][-]{section.2.2}{\376\377\000C\000\341\000c\000\040\000c\000\364\000n\000g\000\040\000n\000g\000h\036\307\000\040\001\021\001\260\036\343\000c\000\040\000s\036\355\000\040\000d\036\345\000n\000g}{chapter.2}% 16
\BOOKMARK [2][-]{subsection.2.2.1}{\376\377\000B\000a\000c\000k\000e\000n\000d}{section.2.2}% 17
\BOOKMARK [3][-]{subsubsection.2.2.1.1}{\376\377\000F\000i\000r\000e\000b\000a\000s\000e}{subsection.2.2.1}% 18
\BOOKMARK [3][-]{subsubsection.2.2.1.2}{\376\377\000G\000o\000o\000g\000l\000e\000\040\000G\000e\000m\000i\000n\000i\000\040\000A\000P\000I}{subsection.2.2.1}% 19
\BOOKMARK [2][-]{subsection.2.2.2}{\376\377\000F\000r\000o\000n\000t\000e\000n\000d}{section.2.2}% 20
\BOOKMARK [3][-]{subsubsection.2.2.2.1}{\376\377\000F\000l\000u\000t\000t\000e\000r}{subsection.2.2.2}% 21
\BOOKMARK [3][-]{subsubsection.2.2.2.2}{\376\377\000R\000e\000a\000c\000t\000\040\000\050\000A\000d\000m\000i\000n\000\040\000W\000e\000b\000\051}{subsection.2.2.2}% 22
\BOOKMARK [2][-]{subsection.2.2.3}{\376\377\000C\000\341\000c\000\040\000c\000\364\000n\000g\000\040\000n\000g\000h\036\307\000\040\000b\036\325\000\040\000t\000r\036\343\000\040\000k\000h\000\341\000c}{section.2.2}% 23
\BOOKMARK [0][-]{chapter.3}{\376\377\000P\000h\000\342\000n\000\040\000t\000\355\000c\000h\000\040\000t\000h\000i\036\277\000t\000\040\000k\036\277\000\040\000h\036\307\000\040\000t\000h\036\321\000n\000g}{}% 24
\BOOKMARK [1][-]{section.3.1}{\376\377\000T\036\325\000n\000g\000\040\000q\000u\000a\000n\000\040\000h\036\307\000\040\000t\000h\036\321\000n\000g}{chapter.3}% 25
\BOOKMARK [1][-]{section.3.2}{\376\377\001\020\036\267\000c\000\040\000t\036\243\000\040\000y\000\352\000u\000\040\000c\036\247\000u}{chapter.3}% 26
\BOOKMARK [2][-]{subsection.3.2.1}{\376\377\000Y\000\352\000u\000\040\000c\036\247\000u\000\040\000c\000h\036\351\000c\000\040\000n\001\003\000n\000g}{section.3.2}% 27
\BOOKMARK [2][-]{subsection.3.2.2}{\376\377\000Y\000\352\000u\000\040\000c\036\247\000u\000\040\000p\000h\000i\000\040\000c\000h\036\351\000c\000\040\000n\001\003\000n\000g}{section.3.2}% 28
\BOOKMARK [3][-]{subsubsection.3.2.2.1}{\376\377\000H\000i\036\307\000u\000\040\000n\001\003\000n\000g}{subsection.3.2.2}% 29
\BOOKMARK [3][-]{subsubsection.3.2.2.2}{\376\377\001\020\036\331\000\040\000t\000i\000n\000\040\000c\036\255\000y\000\040\000v\000\340\000\040\000t\000\355\000n\000h\000\040\000s\036\265\000n\000\040\000s\000\340\000n\000g}{subsection.3.2.2}% 30
\BOOKMARK [3][-]{subsubsection.3.2.2.3}{\376\377\000A\000n\000\040\000n\000i\000n\000h\000\040\000v\000\340\000\040\000b\036\243\000o\000\040\000m\036\255\000t}{subsection.3.2.2}% 31
\BOOKMARK [3][-]{subsubsection.3.2.2.4}{\376\377\000K\000h\036\243\000\040\000b\036\243\000o\000\040\000t\000r\000\354\000\040\000v\000\340\000\040\000k\000h\036\243\000\040\000c\000h\000u\000y\036\303\000n\000\040\001\021\036\325\000i}{subsection.3.2.2}% 32
\BOOKMARK [3][-]{subsubsection.3.2.2.5}{\376\377\000C\000\341\000c\000\040\000r\000\340\000n\000g\000\040\000b\000u\036\331\000c\000\040\000k\000h\000\341\000c}{subsection.3.2.2}% 33
\BOOKMARK [1][-]{section.3.3}{\376\377\000T\036\325\000n\000g\000\040\000q\000u\000a\000n\000\040\000c\000a\000\040\000s\036\355\000\040\000d\036\345\000n\000g\000\040\000h\036\307\000\040\000t\000h\036\321\000n\000g}{chapter.3}% 34
\BOOKMARK [1][-]{section.3.4}{\376\377\000M\000\364\000\040\000t\036\243\000\040\000c\000a\000\040\000s\036\355\000\040\000d\036\345\000n\000g}{chapter.3}% 35
\BOOKMARK [2][-]{subsection.3.4.1}{\376\377\000U\000C\000-\0000\0001\000:\000\040\001\020\001\003\000n\000g\000\040\000k\000\375\000\040\000t\000\340\000i\000\040\000k\000h\000o\036\243\000n}{section.3.4}% 36
\BOOKMARK [2][-]{subsection.3.4.2}{\376\377\000U\000C\000-\0000\0002\000:\000\040\001\020\001\003\000n\000g\000\040\000n\000h\036\255\000p}{section.3.4}% 37
\BOOKMARK [2][-]{subsection.3.4.3}{\376\377\000U\000C\000-\0000\0005\000:\000\040\000Q\000u\000\351\000t\000\040\000m\000\363\000n\000\040\001\003\000n\000\040\000b\036\261\000n\000g\000\040\000A\000I}{section.3.4}% 38
\BOOKMARK [2][-]{subsection.3.4.4}{\376\377\000U\000C\000-\0000\0006\000:\000\040\000N\000h\036\255\000t\000\040\000k\000\375\000\040\001\003\000n\000\040\000u\036\321\000n\000g}{section.3.4}% 39
\BOOKMARK [2][-]{subsection.3.4.5}{\376\377\000U\000C\000-\0000\0007\000:\000\040\000T\000h\000e\000o\000\040\000d\000\365\000i\000\040\000d\000i\000n\000h\000\040\000d\001\260\036\341\000n\000g}{section.3.4}% 40
\BOOKMARK [2][-]{subsection.3.4.6}{\376\377\000U\000C\000-\0000\0003\000:\000\040\000Q\000u\036\243\000n\000\040\000l\000\375\000\040\000h\036\323\000\040\000s\001\241\000\040\000c\000\341\000\040\000n\000h\000\342\000n}{section.3.4}% 41
\BOOKMARK [2][-]{subsection.3.4.7}{\376\377\000U\000C\000-\0000\0004\000:\000\040\000H\000o\000\340\000n\000\040\000t\000h\000\340\000n\000h\000\040\000O\000n\000b\000o\000a\000r\000d\000i\000n\000g}{section.3.4}% 42
\BOOKMARK [2][-]{subsection.3.4.8}{\376\377\000U\000C\000-\0000\0008\000:\000\040\000Q\000u\036\243\000n\000\040\000l\000\375\000\040\000m\000\363\000n\000\040\001\003\000n\000\040\000y\000\352\000u\000\040\000t\000h\000\355\000c\000h}{section.3.4}% 43
\BOOKMARK [2][-]{subsection.3.4.9}{\376\377\000U\000C\000-\0000\0009\000:\000\040\000C\000h\000a\000t\000b\000o\000t\000\040\000A\000I\000\040\000d\000i\000n\000h\000\040\000d\001\260\036\341\000n\000g}{section.3.4}% 44
\BOOKMARK [2][-]{subsection.3.4.10}{\376\377\000U\000C\000-\0001\0000\000:\000\040\000Q\000u\036\243\000n\000\040\000l\000\375\000\040\000t\000h\036\361\000c\000\040\000p\000h\036\251\000m}{section.3.4}% 45
\BOOKMARK [2][-]{subsection.3.4.11}{\376\377\000U\000C\000-\0001\0001\000:\000\040\000Q\000u\036\243\000n\000\040\000l\000\375\000\040\000n\000g\001\260\036\335\000i\000\040\000d\000\371\000n\000g}{section.3.4}% 46
\BOOKMARK [2][-]{subsection.3.4.12}{\376\377\000U\000C\000-\0001\0002\000:\000\040\001\020\001\003\000n\000g\000\040\000k\000\375\000\040\000P\000r\000e\000m\000i\000u\000m}{section.3.4}% 47
\BOOKMARK [1][-]{section.3.5}{\376\377\000T\000h\000i\036\277\000t\000\040\000k\036\277\000\040\000c\001\241\000\040\000s\036\337\000\040\000d\036\357\000\040\000l\000i\036\307\000u}{chapter.3}% 48
\BOOKMARK [2][-]{subsection.3.5.1}{\376\377\000S\001\241\000\040\001\021\036\323\000\040\000t\000h\036\361\000c\000\040\000t\000h\036\303\000\040\000-\000\040\000l\000i\000\352\000n\000\040\000k\036\277\000t\000\040\000\050\000E\000R\000D\000\051}{section.3.5}% 49
\BOOKMARK [2][-]{subsection.3.5.2}{\376\377\000M\000\364\000\040\000t\036\243\000\040\000c\000\341\000c\000\040\000c\000o\000l\000l\000e\000c\000t\000i\000o\000n\000\040\000c\000h\000\355\000n\000h}{section.3.5}% 50
\BOOKMARK [3][-]{subsubsection.3.5.2.1}{\376\377\000C\000o\000l\000l\000e\000c\000t\000i\000o\000n\000:\000\040\000u\000s\000e\000r\000s}{subsection.3.5.2}% 51
\BOOKMARK [3][-]{subsubsection.3.5.2.2}{\376\377\000C\000o\000l\000l\000e\000c\000t\000i\000o\000n\000:\000\040\000f\000o\000o\000d\000s}{subsection.3.5.2}% 52
\BOOKMARK [3][-]{subsubsection.3.5.2.3}{\376\377\000S\000u\000b\000-\000c\000o\000l\000l\000e\000c\000t\000i\000o\000n\000:\000\040\000u\000s\000e\000r\000s\000/\000\173\000u\000s\000e\000r\000I\000d\000\175\000/\000m\000e\000a\000l\000\137\000e\000n\000t\000r\000i\000e\000s}{subsection.3.5.2}% 53
\BOOKMARK [3][-]{subsubsection.3.5.2.4}{\376\377\000S\000u\000b\000-\000c\000o\000l\000l\000e\000c\000t\000i\000o\000n\000:\000\040\000u\000s\000e\000r\000s\000/\000\173\000u\000s\000e\000r\000I\000d\000\175\000/\000f\000a\000v\000o\000r\000i\000t\000e\000s}{subsection.3.5.2}% 54
\BOOKMARK [3][-]{subsubsection.3.5.2.5}{\376\377\000T\000h\000\364\000n\000g\000\040\000t\000i\000n\000\040\000s\000u\000b\000s\000c\000r\000i\000p\000t\000i\000o\000n\000\040\000t\000r\000o\000n\000g\000\040\000u\000s\000e\000r\000s\000/\000\173\000u\000s\000e\000r\000I\000d\000\175}{subsection.3.5.2}% 55
\BOOKMARK [3][-]{subsubsection.3.5.2.6}{\376\377\000S\000u\000b\000-\000c\000o\000l\000l\000e\000c\000t\000i\000o\000n\000:\000\040\000u\000s\000e\000r\000s\000/\000\173\000u\000s\000e\000r\000I\000d\000\175\000/\000u\000s\000a\000g\000e}{subsection.3.5.2}% 56
\BOOKMARK [3][-]{subsubsection.3.5.2.7}{\376\377\000S\000u\000b\000-\000c\000o\000l\000l\000e\000c\000t\000i\000o\000n\000:\000\040\000u\000s\000e\000r\000s\000/\000\173\000u\000s\000e\000r\000I\000d\000\175\000/\000c\000h\000a\000t\000\137\000h\000i\000s\000t\000o\000r\000y}{subsection.3.5.2}% 57
\BOOKMARK [0][-]{chapter.4}{\376\377\000X\000\342\000y\000\040\000d\036\361\000n\000g\000,\000\040\000t\000r\000i\036\303\000n\000\040\000k\000h\000a\000i\000\040\000v\000\340\000\040\000k\000i\036\303\000m\000\040\000t\000h\036\355\000\040\000h\036\307\000\040\000t\000h\036\321\000n\000g}{}% 58
\BOOKMARK [1][-]{section.4.1}{\376\377\000C\000\340\000i\000\040\001\021\036\267\000t\000\040\000h\036\307\000\040\000t\000h\036\321\000n\000g}{chapter.4}% 59
\BOOKMARK [2][-]{subsection.4.1.1}{\376\377\000K\000h\000\341\000i\000\040\000q\000u\000\341\000t\000\040\000t\036\325\000n\000g\000\040\000t\000h\036\303}{section.4.1}% 60
\BOOKMARK [2][-]{subsection.4.1.2}{\376\377\000K\000i\036\277\000n\000\040\000t\000r\000\372\000c\000\040\000h\036\307\000\040\000t\000h\036\321\000n\000g}{section.4.1}% 61
\BOOKMARK [2][-]{subsection.4.1.3}{\376\377\000C\000\341\000c\000\040\000t\000h\000u\036\331\000c\000\040\000t\000\355\000n\000h\000\040\000c\000h\036\245\000t\000\040\000l\001\260\036\343\000n\000g\000\040\001\021\001\260\036\343\000c\000\040\000h\036\327\000\040\000t\000r\036\343}{section.4.1}% 62
\BOOKMARK [2][-]{subsection.4.1.4}{\376\377\000T\000r\000i\036\303\000n\000\040\000k\000h\000a\000i\000\040\000h\036\307\000\040\000t\000h\036\321\000n\000g}{section.4.1}% 63
\BOOKMARK [3][-]{subsubsection.4.1.4.1}{\376\377\000T\000r\000i\036\303\000n\000\040\000k\000h\000a\000i\000\040\000F\000i\000r\000e\000b\000a\000s\000e}{subsection.4.1.4}% 64
\BOOKMARK [3][-]{subsubsection.4.1.4.2}{\376\377\000B\000u\000i\000l\000d\000\040\036\351\000n\000g\000\040\000d\036\345\000n\000g\000\040\000d\000i\000\040\001\021\036\331\000n\000g}{subsection.4.1.4}% 65
\BOOKMARK [1][-]{section.4.2}{\376\377\000K\000i\036\303\000m\000\040\000t\000h\036\355\000\040\000h\036\307\000\040\000t\000h\036\321\000n\000g\000\040\000v\000\340\000\040\000t\000r\000\354\000n\000h\000\040\000b\000\340\000y\000\040\000k\036\277\000t\000\040\000q\000u\036\243\000\040\000t\000h\036\361\000c\000\040\000n\000g\000h\000i\036\307\000m}{chapter.4}% 66
\BOOKMARK [2][-]{subsection.4.2.1}{\376\377\000K\000i\036\303\000m\000\040\000t\000h\036\355\000\040\000c\000h\036\351\000c\000\040\000n\001\003\000n\000g}{section.4.2}% 67
\BOOKMARK [3][-]{subsubsection.4.2.1.1}{\376\377\000K\000i\036\303\000m\000\040\000t\000h\036\355\000\040\000x\000\341\000c\000\040\000t\000h\036\361\000c\000\040\000v\000\340\000\040\000p\000h\000\342\000n\000\040\000q\000u\000y\036\301\000n}{subsection.4.2.1}% 68
\BOOKMARK [3][-]{subsubsection.4.2.1.2}{\376\377\000K\000i\036\303\000m\000\040\000t\000h\036\355\000\040\000l\000u\036\323\000n\000g\000\040\000n\000g\000h\000i\036\307\000p\000\040\000v\036\345\000\040\000c\000h\000\355\000n\000h}{subsection.4.2.1}% 69
\BOOKMARK [3][-]{subsubsection.4.2.1.3}{\376\377\000K\000i\036\303\000m\000\040\000t\000h\036\355\000\040\000c\000h\036\351\000c\000\040\000n\001\003\000n\000g\000\040\000A\000d\000m\000i\000n}{subsection.4.2.1}% 70
\BOOKMARK [2][-]{subsection.4.2.2}{\376\377\000K\000i\036\303\000m\000\040\000t\000h\036\355\000\040\000h\000i\036\307\000u\000\040\000n\001\003\000n\000g}{section.4.2}% 71
\BOOKMARK [2][-]{subsection.4.2.3}{\376\377\000K\000i\036\303\000m\000\040\000t\000h\036\355\000\040\000b\036\243\000o\000\040\000m\036\255\000t}{section.4.2}% 72
\BOOKMARK [2][-]{subsection.4.2.4}{\376\377\000K\000i\036\303\000m\000\040\000t\000h\036\355\000\040\000t\000\355\000c\000h\000\040\000h\036\343\000p}{section.4.2}% 73
\BOOKMARK [2][-]{subsection.4.2.5}{\376\377\000K\000i\036\303\000m\000\040\000t\000h\036\355\000\040\000g\000i\000a\000o\000\040\000d\000i\036\307\000n}{section.4.2}% 74
\BOOKMARK [1][-]{section.4.3}{\376\377\000G\000i\000a\000o\000\040\000d\000i\036\307\000n\000\040\000h\036\307\000\040\000t\000h\036\321\000n\000g}{chapter.4}% 75
\BOOKMARK [2][-]{subsection.4.3.1}{\376\377\000M\000\340\000n\000\040\000h\000\354\000n\000h\000\040\001\021\001\003\000n\000g\000\040\000n\000h\036\255\000p\000\040\000v\000\340\000\040\001\021\001\003\000n\000g\000\040\000k\000\375}{section.4.3}% 76
\BOOKMARK [0][-]{chapter*.37}{\376\377\000K\036\277\000t\000\040\000l\000u\036\255\000n}{}% 77
